GIT Homework 1

Для выполнения задания у вас должен быть установлен для Windows - GitBash.
Создан аккаунт в GitHub

Все шаги сценария выполняйте в терминале GitBush, Terminal, в папке под гитом.

Как отправить ДЗ на проверку.
 1. Создайте текстоовый файл как в первом ДЗ по Terminal.
 2. Сценарий перенесите в этот файл.
 3. На против каждого действия - напишите команду в GitBash

Файл со сценарием и ссылку на свой гит хаб отправляйте менторам на проверку.

JSON
 4. Создать внешний репозиторий c названием JSON.
 5. Клонировать репозиторий JSON на локальный компьютер.
 6. Внутри локального JSON создать файл “new.json”.
 7. Добавить файл под гит.
 8. Закоммитить файл.
 9. Отправить файл на внешний GitHub репозиторий.
 10. Отредактировать содержание файла “new.json” - написать информацию о себе (ФИО, возраст, количество домашних животных, будущая желаемая зарплата). Всё написать в формате JSON.
 11. Отправить изменения на внешний репозиторий.
 12. Создать файл preferences.json
 13. В файл preferences.json добавить информацию о своих предпочтениях (Любимый фильм, любимый сериал, любимая еда, любимое время года, сторона которую хотели бы посетить) в формате JSON.
 14. Создать файл sklls.json добавить информацию о скиллах которые будут изучены на курсе в формате JSON
 15. Отправить сразу 2 файла на внешний репозиторий.
 16. На веб интерфейсе создать файл bug_report.json.
 17. Сделать Commit changes (сохранить) изменения на веб интерфейсе.
 18. На веб интерфейсе модифицировать файл bug_report.json, добавить баг репорт в формате JSON.
 19. Сделать Commit changes (сохранить) изменения на веб интерфейсе.
 20. Синхронизировать внешний и локальный репозиторий JSON


User@V-Anil-R-1 MINGW64 /g/Learning/QA_Ksendzov_30_Group/QA_Kzendzov_GB/Homework/Git (main)
$ git clone https://github.com/V-Anil-R/JSON.git
Cloning into 'JSON'...
warning: You appear to have cloned an empty repository.

User@V-Anil-R-1 MINGW64 /g/Learning/QA_Ksendzov_30_Group/QA_Kzendzov_GB/Homework/Git (main)
$ cd json

User@V-Anil-R-1 MINGW64 /g/Learning/QA_Ksendzov_30_Group/QA_Kzendzov_GB/Homework/Git/json (main)
$ touch new.json

User@V-Anil-R-1 MINGW64 /g/Learning/QA_Ksendzov_30_Group/QA_Kzendzov_GB/Homework/Git/json (main)
$ git status
On branch main

No commits yet

Untracked files:
  (use "git add <file>..." to include in what will be committed)
        new.json

nothing added to commit but untracked files present (use "git add" to track)

User@V-Anil-R-1 MINGW64 /g/Learning/QA_Ksendzov_30_Group/QA_Kzendzov_GB/Homework/Git/json (main)
$ git add new.json

User@V-Anil-R-1 MINGW64 /g/Learning/QA_Ksendzov_30_Group/QA_Kzendzov_GB/Homework/Git/json (main)
$ git commit -m "add_new.json"
[main (root-commit) 692a038] add_new.json
 1 file changed, 0 insertions(+), 0 deletions(-)
 create mode 100644 new.json

User@V-Anil-R-1 MINGW64 /g/Learning/QA_Ksendzov_30_Group/QA_Kzendzov_GB/Homework/Git/json (main)
$ git push
Enumerating objects: 3, done.
Counting objects: 100% (3/3), done.
Writing objects: 100% (3/3), 216 bytes | 216.00 KiB/s, done.
Total 3 (delta 0), reused 0 (delta 0), pack-reused 0
To https://github.com/V-Anil-R/JSON.git
 * [new branch]      main -> main

User@V-Anil-R-1 MINGW64 /g/Learning/QA_Ksendzov_30_Group/QA_Kzendzov_GB/Homework/Git/json (main)
$ vim new.json

User@V-Anil-R-1 MINGW64 /g/Learning/QA_Ksendzov_30_Group/QA_Kzendzov_GB/Homework/Git/json (main)
$ git status
On branch main
Your branch is up to date with 'origin/main'.

Changes not staged for commit:
  (use "git add <file>..." to update what will be committed)
  (use "git restore <file>..." to discard changes in working directory)
        modified:   new.json

no changes added to commit (use "git add" and/or "git commit -a")

User@V-Anil-R-1 MINGW64 /g/Learning/QA_Ksendzov_30_Group/QA_Kzendzov_GB/Homework/Git/json (main)
$ git add .
warning: LF will be replaced by CRLF in new.json.
The file will have its original line endings in your working directory

User@V-Anil-R-1 MINGW64 /g/Learning/QA_Ksendzov_30_Group/QA_Kzendzov_GB/Homework/Git/json (main)
$ git commit -m "add_information"
[main a68f36e] add_information
 1 file changed, 6 insertions(+)

User@V-Anil-R-1 MINGW64 /g/Learning/QA_Ksendzov_30_Group/QA_Kzendzov_GB/Homework/Git/json (main)
$ git push
Enumerating objects: 5, done.
Counting objects: 100% (5/5), done.
Delta compression using up to 4 threads
Compressing objects: 100% (2/2), done.
Writing objects: 100% (3/3), 297 bytes | 297.00 KiB/s, done.
Total 3 (delta 0), reused 0 (delta 0), pack-reused 0
To https://github.com/V-Anil-R/JSON.git
   692a038..a68f36e  main -> main

User@V-Anil-R-1 MINGW64 /g/Learning/QA_Ksendzov_30_Group/QA_Kzendzov_GB/Homework/Git/json (main)
$ touch preferences.json

User@V-Anil-R-1 MINGW64 /g/Learning/QA_Ksendzov_30_Group/QA_Kzendzov_GB/Homework/Git/json (main)
$ vim preferences.json

User@V-Anil-R-1 MINGW64 /g/Learning/QA_Ksendzov_30_Group/QA_Kzendzov_GB/Homework/Git/json (main)
$ git status
On branch main
Your branch is up to date with 'origin/main'.

Untracked files:
  (use "git add <file>..." to include in what will be committed)
        preferences.json

nothing added to commit but untracked files present (use "git add" to track)

User@V-Anil-R-1 MINGW64 /g/Learning/QA_Ksendzov_30_Group/QA_Kzendzov_GB/Homework/Git/json (main)
$ git add preferences.json
warning: LF will be replaced by CRLF in preferences.json.
The file will have its original line endings in your working directory

User@V-Anil-R-1 MINGW64 /g/Learning/QA_Ksendzov_30_Group/QA_Kzendzov_GB/Homework/Git/json (main)
$ git commit -m "new file"
[main 08fe17a] new file
 1 file changed, 5 insertions(+)
 create mode 100644 preferences.json

User@V-Anil-R-1 MINGW64 /g/Learning/QA_Ksendzov_30_Group/QA_Kzendzov_GB/Homework/Git/json (main)
$ git push
Enumerating objects: 4, done.
Counting objects: 100% (4/4), done.
Delta compression using up to 4 threads
Compressing objects: 100% (3/3), done.
Writing objects: 100% (3/3), 349 bytes | 349.00 KiB/s, done.
Total 3 (delta 0), reused 0 (delta 0), pack-reused 0
To https://github.com/V-Anil-R/JSON.git
   a68f36e..08fe17a  main -> main

User@V-Anil-R-1 MINGW64 /g/Learning/QA_Ksendzov_30_Group/QA_Kzendzov_GB/Homework/Git/json (main)
$ cat >> skills.json
{
        skill1:"madeHW",
        skill2:"madeHW",
        skill3:"madeHWinrighttime"
}


User@V-Anil-R-1 MINGW64 /g/Learning/QA_Ksendzov_30_Group/QA_Kzendzov_GB/Homework/Git/json (main)
$ cat >> skills2.json
I_need_to_reed_HW_before_when_i_going_to_do


User@V-Anil-R-1 MINGW64 /g/Learning/QA_Ksendzov_30_Group/QA_Kzendzov_GB/Homework/Git/json (main)
$ git status
On branch main
Your branch is up to date with 'origin/main'.

Untracked files:
  (use "git add <file>..." to include in what will be committed)
        skills.json
        skills2.json

nothing added to commit but untracked files present (use "git add" to track)

User@V-Anil-R-1 MINGW64 /g/Learning/QA_Ksendzov_30_Group/QA_Kzendzov_GB/Homework/Git/json (main)
$ git add .
warning: LF will be replaced by CRLF in skills.json.
The file will have its original line endings in your working directory
warning: LF will be replaced by CRLF in skills2.json.
The file will have its original line endings in your working directory

User@V-Anil-R-1 MINGW64 /g/Learning/QA_Ksendzov_30_Group/QA_Kzendzov_GB/Homework/Git/json (main)
$ git status
On branch main
Your branch is up to date with 'origin/main'.

Changes to be committed:
  (use "git restore --staged <file>..." to unstage)
        new file:   skills.json
        new file:   skills2.json


User@V-Anil-R-1 MINGW64 /g/Learning/QA_Ksendzov_30_Group/QA_Kzendzov_GB/Homework/Git/json (main)
$ git commit -m "add_two_files"
[main 78a57c5] add_two_files
 2 files changed, 6 insertions(+)
 create mode 100644 skills.json
 create mode 100644 skills2.json

User@V-Anil-R-1 MINGW64 /g/Learning/QA_Ksendzov_30_Group/QA_Kzendzov_GB/Homework/Git/json (main)
$ git push
Enumerating objects: 5, done.
Counting objects: 100% (5/5), done.
Delta compression using up to 4 threads
Compressing objects: 100% (3/3), done.
Writing objects: 100% (4/4), 440 bytes | 440.00 KiB/s, done.
Total 4 (delta 0), reused 0 (delta 0), pack-reused 0
To https://github.com/V-Anil-R/JSON.git
   08fe17a..78a57c5  main -> main

User@V-Anil-R-1 MINGW64 /g/Learning/QA_Ksendzov_30_Group/QA_Kzendzov_GB/Homework/Git/json (main)
$ git status
On branch main
Your branch is up to date with 'origin/main'.

nothing to commit, working tree clean

User@V-Anil-R-1 MINGW64 /g/Learning/QA_Ksendzov_30_Group/QA_Kzendzov_GB/Homework/Git/json (main)
$ git pull
remote: Enumerating objects: 7, done.
remote: Counting objects: 100% (7/7), done.
remote: Compressing objects: 100% (4/4), done.
remote: Total 6 (delta 2), reused 0 (delta 0), pack-reused 0
Unpacking objects: 100% (6/6), 1.33 KiB | 8.00 KiB/s, done.
From https://github.com/V-Anil-R/JSON
   78a57c5..b031441  main       -> origin/main
Updating 78a57c5..b031441
Fast-forward
 bug_report.json | 4 ++++
 1 file changed, 4 insertions(+)
 create mode 100644 bug_report.json

User@V-Anil-R-1 MINGW64 /g/Learning/QA_Ksendzov_30_Group/QA_Kzendzov_GB/Homework/Git/json (main)
$ git status
On branch main
Your branch is up to date with 'origin/main'.

nothing to commit, working tree clean

User@V-Anil-R-1 MINGW64 /g/Learning/QA_Ksendzov_30_Group/QA_Kzendzov_GB/Homework/Git/json (main)
$ git pull
Already up to date.